2026-04-05-11:35 - train_pointnetpp_part_segmentation - INFO - Training PointNet++ part segmentation on ShapeNetPart with multiscale aggregation method.
2026-04-05-11:35 - train_pointnetpp_part_segmentation - INFO - Chosen device: mps
2026-04-05-11:39 - train_pointnetpp_part_segmentation - INFO - Epoch 1 (1/3):
2026-04-05-11:39 - train_pointnetpp_part_segmentation - INFO - Train loss is: 2.48161
2026-04-05-11:39 - train_pointnetpp_part_segmentation - INFO - Train accuracy is: 0.32521
2026-04-05-11:39 - train_pointnetpp_part_segmentation - INFO - eval mIoU of Airplane        0.214601
2026-04-05-11:39 - train_pointnetpp_part_segmentation - INFO - eval mIoU of Bag             0.062500
2026-04-05-11:39 - train_pointnetpp_part_segmentation - INFO - eval mIoU of Cap             0.000000
2026-04-05-11:39 - train_pointnetpp_part_segmentation - INFO - eval mIoU of Car             0.052469
2026-04-05-11:39 - train_pointnetpp_part_segmentation - INFO - eval mIoU of Chair           0.716032
2026-04-05-11:39 - train_pointnetpp_part_segmentation - INFO - eval mIoU of Earphone        0.222222
2026-04-05-11:39 - train_pointnetpp_part_segmentation - INFO - eval mIoU of Guitar          0.362546
2026-04-05-11:39 - train_pointnetpp_part_segmentation - INFO - eval mIoU of Knife           0.077536
2026-04-05-11:39 - train_pointnetpp_part_segmentation - INFO - eval mIoU of Lamp            0.405673
2026-04-05-11:39 - train_pointnetpp_part_segmentation - INFO - eval mIoU of Laptop          0.000000
2026-04-05-11:39 - train_pointnetpp_part_segmentation - INFO - eval mIoU of Motorbike       0.096154
2026-04-05-11:39 - train_pointnetpp_part_segmentation - INFO - eval mIoU of Mug             0.000000
2026-04-05-11:39 - train_pointnetpp_part_segmentation - INFO - eval mIoU of Pistol          0.116065
2026-04-05-11:39 - train_pointnetpp_part_segmentation - INFO - eval mIoU of Rocket          0.125000
2026-04-05-11:39 - train_pointnetpp_part_segmentation - INFO - eval mIoU of Skateboard      0.066667
2026-04-05-11:39 - train_pointnetpp_part_segmentation - INFO - eval mIoU of Table           0.547394
2026-04-05-11:39 - train_pointnetpp_part_segmentation - INFO - Epoch 1 test Accuracy: 0.495522  Class avg mIOU: 0.191554   Instance avg mIOU: 0.423740
2026-04-05-11:39 - train_pointnetpp_part_segmentation - INFO - Validation loss is: 1.78015
2026-04-05-11:39 - train_pointnetpp_part_segmentation - INFO - Saved best checkpoint to checkpoints/pointnetpp_part_seg.pt/pointnetpp-part-segmentation-with-multiscale-2026-04-05-11-35.pt
2026-04-05-11:39 - train_pointnetpp_part_segmentation - INFO - Best accuracy is: 0.49552
2026-04-05-11:39 - train_pointnetpp_part_segmentation - INFO - Best class avg mIOU is: 0.19155
2026-04-05-11:39 - train_pointnetpp_part_segmentation - INFO - Best instance avg mIOU is: 0.42374
2026-04-05-11:43 - train_pointnetpp_part_segmentation - INFO - Epoch 2 (2/3):
2026-04-05-11:43 - train_pointnetpp_part_segmentation - INFO - Train loss is: 1.55847
2026-04-05-11:43 - train_pointnetpp_part_segmentation - INFO - Train accuracy is: 0.53286
2026-04-05-11:43 - train_pointnetpp_part_segmentation - INFO - eval mIoU of Airplane        0.404822
2026-04-05-11:43 - train_pointnetpp_part_segmentation - INFO - eval mIoU of Bag             0.062500
2026-04-05-11:43 - train_pointnetpp_part_segmentation - INFO - eval mIoU of Cap             0.000000
2026-04-05-11:43 - train_pointnetpp_part_segmentation - INFO - eval mIoU of Car             0.182087
2026-04-05-11:43 - train_pointnetpp_part_segmentation - INFO - eval mIoU of Chair           0.638772
2026-04-05-11:43 - train_pointnetpp_part_segmentation - INFO - eval mIoU of Earphone        0.222222
2026-04-05-11:43 - train_pointnetpp_part_segmentation - INFO - eval mIoU of Guitar          0.500943
2026-04-05-11:43 - train_pointnetpp_part_segmentation - INFO - eval mIoU of Knife           0.516931
2026-04-05-11:43 - train_pointnetpp_part_segmentation - INFO - eval mIoU of Lamp            0.420556
2026-04-05-11:43 - train_pointnetpp_part_segmentation - INFO - eval mIoU of Laptop          0.023823
2026-04-05-11:43 - train_pointnetpp_part_segmentation - INFO - eval mIoU of Motorbike       0.096154
2026-04-05-11:43 - train_pointnetpp_part_segmentation - INFO - eval mIoU of Mug             0.000000
2026-04-05-11:43 - train_pointnetpp_part_segmentation - INFO - eval mIoU of Pistol          0.192457
2026-04-05-11:43 - train_pointnetpp_part_segmentation - INFO - eval mIoU of Rocket          0.125000
2026-04-05-11:43 - train_pointnetpp_part_segmentation - INFO - eval mIoU of Skateboard      0.066667
2026-04-05-11:43 - train_pointnetpp_part_segmentation - INFO - eval mIoU of Table           0.763847
2026-04-05-11:43 - train_pointnetpp_part_segmentation - INFO - Epoch 2 test Accuracy: 0.592372  Class avg mIOU: 0.263549   Instance avg mIOU: 0.537749
2026-04-05-11:43 - train_pointnetpp_part_segmentation - INFO - Validation loss is: 1.27267
2026-04-05-11:43 - train_pointnetpp_part_segmentation - INFO - Saved best checkpoint to checkpoints/pointnetpp_part_seg.pt/pointnetpp-part-segmentation-with-multiscale-2026-04-05-11-35.pt
2026-04-05-11:43 - train_pointnetpp_part_segmentation - INFO - Best accuracy is: 0.59237
2026-04-05-11:43 - train_pointnetpp_part_segmentation - INFO - Best class avg mIOU is: 0.26355
2026-04-05-11:43 - train_pointnetpp_part_segmentation - INFO - Best instance avg mIOU is: 0.53775
2026-04-05-11:47 - train_pointnetpp_part_segmentation - INFO - Epoch 3 (3/3):
2026-04-05-11:47 - train_pointnetpp_part_segmentation - INFO - Train loss is: 1.26994
2026-04-05-11:47 - train_pointnetpp_part_segmentation - INFO - Train accuracy is: 0.61069
2026-04-05-11:47 - train_pointnetpp_part_segmentation - INFO - eval mIoU of Airplane        0.510998
2026-04-05-11:47 - train_pointnetpp_part_segmentation - INFO - eval mIoU of Bag             0.062500
2026-04-05-11:47 - train_pointnetpp_part_segmentation - INFO - eval mIoU of Cap             0.000000
2026-04-05-11:47 - train_pointnetpp_part_segmentation - INFO - eval mIoU of Car             0.286361
2026-04-05-11:47 - train_pointnetpp_part_segmentation - INFO - eval mIoU of Chair           0.746940
2026-04-05-11:47 - train_pointnetpp_part_segmentation - INFO - eval mIoU of Earphone        0.222222
2026-04-05-11:47 - train_pointnetpp_part_segmentation - INFO - eval mIoU of Guitar          0.578297
2026-04-05-11:47 - train_pointnetpp_part_segmentation - INFO - eval mIoU of Knife           0.320488
2026-04-05-11:47 - train_pointnetpp_part_segmentation - INFO - eval mIoU of Lamp            0.460176
2026-04-05-11:47 - train_pointnetpp_part_segmentation - INFO - eval mIoU of Laptop          0.502962
2026-04-05-11:47 - train_pointnetpp_part_segmentation - INFO - eval mIoU of Motorbike       0.100740
2026-04-05-11:47 - train_pointnetpp_part_segmentation - INFO - eval mIoU of Mug             0.017265
2026-04-05-11:47 - train_pointnetpp_part_segmentation - INFO - eval mIoU of Pistol          0.425325
2026-04-05-11:47 - train_pointnetpp_part_segmentation - INFO - eval mIoU of Rocket          0.125000
2026-04-05-11:47 - train_pointnetpp_part_segmentation - INFO - eval mIoU of Skateboard      0.066667
2026-04-05-11:47 - train_pointnetpp_part_segmentation - INFO - eval mIoU of Table           0.756098
2026-04-05-11:47 - train_pointnetpp_part_segmentation - INFO - Epoch 3 test Accuracy: 0.677584  Class avg mIOU: 0.323877   Instance avg mIOU: 0.602737
2026-04-05-11:47 - train_pointnetpp_part_segmentation - INFO - Validation loss is: 1.02745
2026-04-05-11:47 - train_pointnetpp_part_segmentation - INFO - Saved best checkpoint to checkpoints/pointnetpp_part_seg.pt/pointnetpp-part-segmentation-with-multiscale-2026-04-05-11-35.pt
2026-04-05-11:47 - train_pointnetpp_part_segmentation - INFO - Best accuracy is: 0.67758
2026-04-05-11:47 - train_pointnetpp_part_segmentation - INFO - Best class avg mIOU is: 0.32388
2026-04-05-11:47 - train_pointnetpp_part_segmentation - INFO - Best instance avg mIOU is: 0.60274
2026-04-05-11:47 - train_pointnetpp_part_segmentation - INFO - Training complete. Best checkpoint saved at: checkpoints/pointnetpp_part_seg.pt/pointnetpp-part-segmentation-with-multiscale-2026-04-05-11-35.pt
