2026-04-06-14:49 - train_pointnetpp_part_segmentation - INFO - Training PointNet++ part segmentation on ShapeNetPart with multiscale aggregation method.
2026-04-06-14:49 - train_pointnetpp_part_segmentation - INFO - Chosen device: mps
2026-04-06-14:53 - train_pointnetpp_part_segmentation - INFO - Epoch 1 (1/30):
2026-04-06-14:53 - train_pointnetpp_part_segmentation - INFO - Train loss is: 2.57831
2026-04-06-14:53 - train_pointnetpp_part_segmentation - INFO - Train accuracy is: 0.30529
2026-04-06-14:53 - train_pointnetpp_part_segmentation - INFO - eval mIoU of Airplane        0.125572
2026-04-06-14:53 - train_pointnetpp_part_segmentation - INFO - eval mIoU of Bag             0.062500
2026-04-06-14:53 - train_pointnetpp_part_segmentation - INFO - eval mIoU of Cap             0.000000
2026-04-06-14:53 - train_pointnetpp_part_segmentation - INFO - eval mIoU of Car             0.052469
2026-04-06-14:53 - train_pointnetpp_part_segmentation - INFO - eval mIoU of Chair           0.701521
2026-04-06-14:53 - train_pointnetpp_part_segmentation - INFO - eval mIoU of Earphone        0.222222
2026-04-06-14:53 - train_pointnetpp_part_segmentation - INFO - eval mIoU of Guitar          0.174650
2026-04-06-14:53 - train_pointnetpp_part_segmentation - INFO - eval mIoU of Knife           0.000000
2026-04-06-14:53 - train_pointnetpp_part_segmentation - INFO - eval mIoU of Lamp            0.385033
2026-04-06-14:53 - train_pointnetpp_part_segmentation - INFO - eval mIoU of Laptop          0.000000
2026-04-06-14:53 - train_pointnetpp_part_segmentation - INFO - eval mIoU of Motorbike       0.096154
2026-04-06-14:53 - train_pointnetpp_part_segmentation - INFO - eval mIoU of Mug             0.000000
2026-04-06-14:53 - train_pointnetpp_part_segmentation - INFO - eval mIoU of Pistol          0.000000
2026-04-06-14:53 - train_pointnetpp_part_segmentation - INFO - eval mIoU of Rocket          0.125000
2026-04-06-14:53 - train_pointnetpp_part_segmentation - INFO - eval mIoU of Skateboard      0.066667
2026-04-06-14:53 - train_pointnetpp_part_segmentation - INFO - eval mIoU of Table           0.555906
2026-04-06-14:53 - train_pointnetpp_part_segmentation - INFO - Epoch 1 test Accuracy: 0.445224  Class avg mIOU: 0.160481   Instance avg mIOU: 0.392000
2026-04-06-14:53 - train_pointnetpp_part_segmentation - INFO - Validation loss is: 1.90804
2026-04-06-14:53 - train_pointnetpp_part_segmentation - INFO - Saved best checkpoint to checkpoints/pointnetpp-part-segmentation-with-multiscale-2026-04-06-14-49.pt
2026-04-06-14:53 - train_pointnetpp_part_segmentation - INFO - Best accuracy is: 0.44522
2026-04-06-14:53 - train_pointnetpp_part_segmentation - INFO - Best class avg mIOU is: 0.16048
2026-04-06-14:53 - train_pointnetpp_part_segmentation - INFO - Best instance avg mIOU is: 0.39200
2026-04-06-15:26 - train_pointnetpp_part_segmentation - INFO - Epoch 2 (2/30):
2026-04-06-15:26 - train_pointnetpp_part_segmentation - INFO - Train loss is: 1.63765
2026-04-06-15:26 - train_pointnetpp_part_segmentation - INFO - Train accuracy is: 0.51476
2026-04-06-15:26 - train_pointnetpp_part_segmentation - INFO - eval mIoU of Airplane        0.431962
2026-04-06-15:26 - train_pointnetpp_part_segmentation - INFO - eval mIoU of Bag             0.062500
2026-04-06-15:26 - train_pointnetpp_part_segmentation - INFO - eval mIoU of Cap             0.000000
2026-04-06-15:26 - train_pointnetpp_part_segmentation - INFO - eval mIoU of Car             0.105637
2026-04-06-15:26 - train_pointnetpp_part_segmentation - INFO - eval mIoU of Chair           0.704680
2026-04-06-15:26 - train_pointnetpp_part_segmentation - INFO - eval mIoU of Earphone        0.222222
2026-04-06-15:26 - train_pointnetpp_part_segmentation - INFO - eval mIoU of Guitar          0.476068
2026-04-06-15:26 - train_pointnetpp_part_segmentation - INFO - eval mIoU of Knife           0.498547
2026-04-06-15:26 - train_pointnetpp_part_segmentation - INFO - eval mIoU of Lamp            0.410908
2026-04-06-15:26 - train_pointnetpp_part_segmentation - INFO - eval mIoU of Laptop          0.105270
2026-04-06-15:26 - train_pointnetpp_part_segmentation - INFO - eval mIoU of Motorbike       0.096154
2026-04-06-15:26 - train_pointnetpp_part_segmentation - INFO - eval mIoU of Mug             0.000000
2026-04-06-15:26 - train_pointnetpp_part_segmentation - INFO - eval mIoU of Pistol          0.100794
2026-04-06-15:26 - train_pointnetpp_part_segmentation - INFO - eval mIoU of Rocket          0.125000
2026-04-06-15:26 - train_pointnetpp_part_segmentation - INFO - eval mIoU of Skateboard      0.066667
2026-04-06-15:26 - train_pointnetpp_part_segmentation - INFO - eval mIoU of Table           0.744302
2026-04-06-15:26 - train_pointnetpp_part_segmentation - INFO - Epoch 2 test Accuracy: 0.596149  Class avg mIOU: 0.259419   Instance avg mIOU: 0.546250
2026-04-06-15:26 - train_pointnetpp_part_segmentation - INFO - Validation loss is: 1.29853
2026-04-06-15:26 - train_pointnetpp_part_segmentation - INFO - Saved best checkpoint to checkpoints/pointnetpp-part-segmentation-with-multiscale-2026-04-06-14-49.pt
2026-04-06-15:26 - train_pointnetpp_part_segmentation - INFO - Best accuracy is: 0.59615
2026-04-06-15:26 - train_pointnetpp_part_segmentation - INFO - Best class avg mIOU is: 0.25942
2026-04-06-15:26 - train_pointnetpp_part_segmentation - INFO - Best instance avg mIOU is: 0.54625
2026-04-06-15:30 - train_pointnetpp_part_segmentation - INFO - Epoch 3 (3/30):
2026-04-06-15:30 - train_pointnetpp_part_segmentation - INFO - Train loss is: 1.29128
2026-04-06-15:30 - train_pointnetpp_part_segmentation - INFO - Train accuracy is: 0.60366
2026-04-06-15:30 - train_pointnetpp_part_segmentation - INFO - eval mIoU of Airplane        0.503308
2026-04-06-15:30 - train_pointnetpp_part_segmentation - INFO - eval mIoU of Bag             0.062500
2026-04-06-15:30 - train_pointnetpp_part_segmentation - INFO - eval mIoU of Cap             0.000000
2026-04-06-15:30 - train_pointnetpp_part_segmentation - INFO - eval mIoU of Car             0.283270
2026-04-06-15:30 - train_pointnetpp_part_segmentation - INFO - eval mIoU of Chair           0.757538
2026-04-06-15:30 - train_pointnetpp_part_segmentation - INFO - eval mIoU of Earphone        0.222222
2026-04-06-15:30 - train_pointnetpp_part_segmentation - INFO - eval mIoU of Guitar          0.526396
2026-04-06-15:30 - train_pointnetpp_part_segmentation - INFO - eval mIoU of Knife           0.274392
2026-04-06-15:30 - train_pointnetpp_part_segmentation - INFO - eval mIoU of Lamp            0.461780
2026-04-06-15:30 - train_pointnetpp_part_segmentation - INFO - eval mIoU of Laptop          0.424596
2026-04-06-15:30 - train_pointnetpp_part_segmentation - INFO - eval mIoU of Motorbike       0.102564
2026-04-06-15:30 - train_pointnetpp_part_segmentation - INFO - eval mIoU of Mug             0.032843
2026-04-06-15:30 - train_pointnetpp_part_segmentation - INFO - eval mIoU of Pistol          0.417987
2026-04-06-15:30 - train_pointnetpp_part_segmentation - INFO - eval mIoU of Rocket          0.125000
2026-04-06-15:30 - train_pointnetpp_part_segmentation - INFO - eval mIoU of Skateboard      0.066667
2026-04-06-15:30 - train_pointnetpp_part_segmentation - INFO - eval mIoU of Table           0.761559
2026-04-06-15:30 - train_pointnetpp_part_segmentation - INFO - Epoch 3 test Accuracy: 0.673106  Class avg mIOU: 0.313914   Instance avg mIOU: 0.600248
2026-04-06-15:30 - train_pointnetpp_part_segmentation - INFO - Validation loss is: 1.04483
2026-04-06-15:30 - train_pointnetpp_part_segmentation - INFO - Saved best checkpoint to checkpoints/pointnetpp-part-segmentation-with-multiscale-2026-04-06-14-49.pt
2026-04-06-15:30 - train_pointnetpp_part_segmentation - INFO - Best accuracy is: 0.67311
2026-04-06-15:30 - train_pointnetpp_part_segmentation - INFO - Best class avg mIOU is: 0.31391
2026-04-06-15:30 - train_pointnetpp_part_segmentation - INFO - Best instance avg mIOU is: 0.60025
2026-04-06-15:33 - train_pointnetpp_part_segmentation - INFO - Epoch 4 (4/30):
2026-04-06-15:33 - train_pointnetpp_part_segmentation - INFO - Train loss is: 1.12715
2026-04-06-15:33 - train_pointnetpp_part_segmentation - INFO - Train accuracy is: 0.65318
2026-04-06-15:33 - train_pointnetpp_part_segmentation - INFO - eval mIoU of Airplane        0.528446
2026-04-06-15:33 - train_pointnetpp_part_segmentation - INFO - eval mIoU of Bag             0.066566
2026-04-06-15:33 - train_pointnetpp_part_segmentation - INFO - eval mIoU of Cap             0.000000
2026-04-06-15:33 - train_pointnetpp_part_segmentation - INFO - eval mIoU of Car             0.323657
2026-04-06-15:33 - train_pointnetpp_part_segmentation - INFO - eval mIoU of Chair           0.742613
2026-04-06-15:33 - train_pointnetpp_part_segmentation - INFO - eval mIoU of Earphone        0.222222
2026-04-06-15:33 - train_pointnetpp_part_segmentation - INFO - eval mIoU of Guitar          0.355633
2026-04-06-15:33 - train_pointnetpp_part_segmentation - INFO - eval mIoU of Knife           0.446857
2026-04-06-15:33 - train_pointnetpp_part_segmentation - INFO - eval mIoU of Lamp            0.518945
2026-04-06-15:33 - train_pointnetpp_part_segmentation - INFO - eval mIoU of Laptop          0.351498
2026-04-06-15:33 - train_pointnetpp_part_segmentation - INFO - eval mIoU of Motorbike       0.102564
2026-04-06-15:33 - train_pointnetpp_part_segmentation - INFO - eval mIoU of Mug             0.050817
2026-04-06-15:33 - train_pointnetpp_part_segmentation - INFO - eval mIoU of Pistol          0.475201
2026-04-06-15:33 - train_pointnetpp_part_segmentation - INFO - eval mIoU of Rocket          0.112634
2026-04-06-15:33 - train_pointnetpp_part_segmentation - INFO - eval mIoU of Skateboard      0.066667
2026-04-06-15:33 - train_pointnetpp_part_segmentation - INFO - eval mIoU of Table           0.770441
2026-04-06-15:33 - train_pointnetpp_part_segmentation - INFO - Epoch 4 test Accuracy: 0.696765  Class avg mIOU: 0.320923   Instance avg mIOU: 0.606679
2026-04-06-15:33 - train_pointnetpp_part_segmentation - INFO - Validation loss is: 0.96821
2026-04-06-15:33 - train_pointnetpp_part_segmentation - INFO - Saved best checkpoint to checkpoints/pointnetpp-part-segmentation-with-multiscale-2026-04-06-14-49.pt
2026-04-06-15:33 - train_pointnetpp_part_segmentation - INFO - Best accuracy is: 0.69676
2026-04-06-15:33 - train_pointnetpp_part_segmentation - INFO - Best class avg mIOU is: 0.32092
2026-04-06-15:33 - train_pointnetpp_part_segmentation - INFO - Best instance avg mIOU is: 0.60668
2026-04-06-15:37 - train_pointnetpp_part_segmentation - INFO - Epoch 5 (5/30):
2026-04-06-15:37 - train_pointnetpp_part_segmentation - INFO - Train loss is: 1.00914
2026-04-06-15:37 - train_pointnetpp_part_segmentation - INFO - Train accuracy is: 0.69202
2026-04-06-15:37 - train_pointnetpp_part_segmentation - INFO - eval mIoU of Airplane        0.681280
2026-04-06-15:37 - train_pointnetpp_part_segmentation - INFO - eval mIoU of Bag             0.096288
2026-04-06-15:37 - train_pointnetpp_part_segmentation - INFO - eval mIoU of Cap             0.000000
2026-04-06-15:37 - train_pointnetpp_part_segmentation - INFO - eval mIoU of Car             0.508034
2026-04-06-15:37 - train_pointnetpp_part_segmentation - INFO - eval mIoU of Chair           0.781558
2026-04-06-15:37 - train_pointnetpp_part_segmentation - INFO - eval mIoU of Earphone        0.222513
2026-04-06-15:37 - train_pointnetpp_part_segmentation - INFO - eval mIoU of Guitar          0.798993
2026-04-06-15:37 - train_pointnetpp_part_segmentation - INFO - eval mIoU of Knife           0.361514
2026-04-06-15:37 - train_pointnetpp_part_segmentation - INFO - eval mIoU of Lamp            0.511403
2026-04-06-15:37 - train_pointnetpp_part_segmentation - INFO - eval mIoU of Laptop          0.644365
2026-04-06-15:37 - train_pointnetpp_part_segmentation - INFO - eval mIoU of Motorbike       0.115736
2026-04-06-15:37 - train_pointnetpp_part_segmentation - INFO - eval mIoU of Mug             0.117163
2026-04-06-15:37 - train_pointnetpp_part_segmentation - INFO - eval mIoU of Pistol          0.505433
2026-04-06-15:37 - train_pointnetpp_part_segmentation - INFO - eval mIoU of Rocket          0.125000
2026-04-06-15:37 - train_pointnetpp_part_segmentation - INFO - eval mIoU of Skateboard      0.078781
2026-04-06-15:37 - train_pointnetpp_part_segmentation - INFO - eval mIoU of Table           0.773429
2026-04-06-15:37 - train_pointnetpp_part_segmentation - INFO - Epoch 5 test Accuracy: 0.748451  Class avg mIOU: 0.395093   Instance avg mIOU: 0.680532
2026-04-06-15:37 - train_pointnetpp_part_segmentation - INFO - Validation loss is: 0.82911
2026-04-06-15:37 - train_pointnetpp_part_segmentation - INFO - Saved best checkpoint to checkpoints/pointnetpp-part-segmentation-with-multiscale-2026-04-06-14-49.pt
2026-04-06-15:37 - train_pointnetpp_part_segmentation - INFO - Best accuracy is: 0.74845
2026-04-06-15:37 - train_pointnetpp_part_segmentation - INFO - Best class avg mIOU is: 0.39509
2026-04-06-15:37 - train_pointnetpp_part_segmentation - INFO - Best instance avg mIOU is: 0.68053
2026-04-06-15:40 - train_pointnetpp_part_segmentation - INFO - Epoch 6 (6/30):
2026-04-06-15:40 - train_pointnetpp_part_segmentation - INFO - Train loss is: 0.89618
2026-04-06-15:40 - train_pointnetpp_part_segmentation - INFO - Train accuracy is: 0.72643
2026-04-06-15:40 - train_pointnetpp_part_segmentation - INFO - eval mIoU of Airplane        0.658627
2026-04-06-15:40 - train_pointnetpp_part_segmentation - INFO - eval mIoU of Bag             0.130949
2026-04-06-15:40 - train_pointnetpp_part_segmentation - INFO - eval mIoU of Cap             0.000000
2026-04-06-15:40 - train_pointnetpp_part_segmentation - INFO - eval mIoU of Car             0.494285
2026-04-06-15:40 - train_pointnetpp_part_segmentation - INFO - eval mIoU of Chair           0.808688
2026-04-06-15:40 - train_pointnetpp_part_segmentation - INFO - eval mIoU of Earphone        0.222521
2026-04-06-15:40 - train_pointnetpp_part_segmentation - INFO - eval mIoU of Guitar          0.769352
2026-04-06-15:40 - train_pointnetpp_part_segmentation - INFO - eval mIoU of Knife           0.613640
2026-04-06-15:40 - train_pointnetpp_part_segmentation - INFO - eval mIoU of Lamp            0.508385
2026-04-06-15:40 - train_pointnetpp_part_segmentation - INFO - eval mIoU of Laptop          0.523141
2026-04-06-15:40 - train_pointnetpp_part_segmentation - INFO - eval mIoU of Motorbike       0.147814
2026-04-06-15:40 - train_pointnetpp_part_segmentation - INFO - eval mIoU of Mug             0.076260
2026-04-06-15:40 - train_pointnetpp_part_segmentation - INFO - eval mIoU of Pistol          0.497707
2026-04-06-15:40 - train_pointnetpp_part_segmentation - INFO - eval mIoU of Rocket          0.092578
2026-04-06-15:40 - train_pointnetpp_part_segmentation - INFO - eval mIoU of Skateboard      0.170020
2026-04-06-15:40 - train_pointnetpp_part_segmentation - INFO - eval mIoU of Table           0.767054
2026-04-06-15:40 - train_pointnetpp_part_segmentation - INFO - Epoch 6 test Accuracy: 0.763869  Class avg mIOU: 0.405064   Instance avg mIOU: 0.680054
2026-04-06-15:40 - train_pointnetpp_part_segmentation - INFO - Validation loss is: 0.76125
2026-04-06-15:40 - train_pointnetpp_part_segmentation - INFO - Saved best checkpoint to checkpoints/pointnetpp-part-segmentation-with-multiscale-2026-04-06-14-49.pt
2026-04-06-15:40 - train_pointnetpp_part_segmentation - INFO - Best accuracy is: 0.76387
2026-04-06-15:40 - train_pointnetpp_part_segmentation - INFO - Best class avg mIOU is: 0.40506
2026-04-06-15:40 - train_pointnetpp_part_segmentation - INFO - Best instance avg mIOU is: 0.68053
2026-04-06-15:44 - train_pointnetpp_part_segmentation - INFO - Epoch 7 (7/30):
2026-04-06-15:44 - train_pointnetpp_part_segmentation - INFO - Train loss is: 0.83307
2026-04-06-15:44 - train_pointnetpp_part_segmentation - INFO - Train accuracy is: 0.74504
2026-04-06-15:44 - train_pointnetpp_part_segmentation - INFO - eval mIoU of Airplane        0.655541
2026-04-06-15:44 - train_pointnetpp_part_segmentation - INFO - eval mIoU of Bag             0.231099
2026-04-06-15:44 - train_pointnetpp_part_segmentation - INFO - eval mIoU of Cap             0.000000
2026-04-06-15:44 - train_pointnetpp_part_segmentation - INFO - eval mIoU of Car             0.493805
2026-04-06-15:44 - train_pointnetpp_part_segmentation - INFO - eval mIoU of Chair           0.780776
2026-04-06-15:44 - train_pointnetpp_part_segmentation - INFO - eval mIoU of Earphone        0.226906
2026-04-06-15:44 - train_pointnetpp_part_segmentation - INFO - eval mIoU of Guitar          0.793003
2026-04-06-15:44 - train_pointnetpp_part_segmentation - INFO - eval mIoU of Knife           0.620215
2026-04-06-15:44 - train_pointnetpp_part_segmentation - INFO - eval mIoU of Lamp            0.542078
2026-04-06-15:44 - train_pointnetpp_part_segmentation - INFO - eval mIoU of Laptop          0.829991
2026-04-06-15:44 - train_pointnetpp_part_segmentation - INFO - eval mIoU of Motorbike       0.166922
2026-04-06-15:44 - train_pointnetpp_part_segmentation - INFO - eval mIoU of Mug             0.416839
2026-04-06-15:44 - train_pointnetpp_part_segmentation - INFO - eval mIoU of Pistol          0.500424
2026-04-06-15:44 - train_pointnetpp_part_segmentation - INFO - eval mIoU of Rocket          0.140102
2026-04-06-15:44 - train_pointnetpp_part_segmentation - INFO - eval mIoU of Skateboard      0.110846
2026-04-06-15:44 - train_pointnetpp_part_segmentation - INFO - eval mIoU of Table           0.809394
2026-04-06-15:44 - train_pointnetpp_part_segmentation - INFO - Epoch 7 test Accuracy: 0.787769  Class avg mIOU: 0.457371   Instance avg mIOU: 0.701091
2026-04-06-15:44 - train_pointnetpp_part_segmentation - INFO - Validation loss is: 0.68166
2026-04-06-15:44 - train_pointnetpp_part_segmentation - INFO - Saved best checkpoint to checkpoints/pointnetpp-part-segmentation-with-multiscale-2026-04-06-14-49.pt
2026-04-06-15:44 - train_pointnetpp_part_segmentation - INFO - Best accuracy is: 0.78777
2026-04-06-15:44 - train_pointnetpp_part_segmentation - INFO - Best class avg mIOU is: 0.45737
2026-04-06-15:44 - train_pointnetpp_part_segmentation - INFO - Best instance avg mIOU is: 0.70109
2026-04-06-15:47 - train_pointnetpp_part_segmentation - INFO - Epoch 8 (8/30):
2026-04-06-15:47 - train_pointnetpp_part_segmentation - INFO - Train loss is: 0.75709
2026-04-06-15:47 - train_pointnetpp_part_segmentation - INFO - Train accuracy is: 0.76682
2026-04-06-15:47 - train_pointnetpp_part_segmentation - INFO - eval mIoU of Airplane        0.730189
2026-04-06-15:47 - train_pointnetpp_part_segmentation - INFO - eval mIoU of Bag             0.172805
2026-04-06-15:47 - train_pointnetpp_part_segmentation - INFO - eval mIoU of Cap             0.000000
2026-04-06-15:47 - train_pointnetpp_part_segmentation - INFO - eval mIoU of Car             0.572023
2026-04-06-15:47 - train_pointnetpp_part_segmentation - INFO - eval mIoU of Chair           0.812966
2026-04-06-15:47 - train_pointnetpp_part_segmentation - INFO - eval mIoU of Earphone        0.222222
2026-04-06-15:47 - train_pointnetpp_part_segmentation - INFO - eval mIoU of Guitar          0.802091
2026-04-06-15:47 - train_pointnetpp_part_segmentation - INFO - eval mIoU of Knife           0.637327
2026-04-06-15:47 - train_pointnetpp_part_segmentation - INFO - eval mIoU of Lamp            0.547324
2026-04-06-15:47 - train_pointnetpp_part_segmentation - INFO - eval mIoU of Laptop          0.645168
2026-04-06-15:47 - train_pointnetpp_part_segmentation - INFO - eval mIoU of Motorbike       0.166644
2026-04-06-15:47 - train_pointnetpp_part_segmentation - INFO - eval mIoU of Mug             0.332130
2026-04-06-15:47 - train_pointnetpp_part_segmentation - INFO - eval mIoU of Pistol          0.569011
2026-04-06-15:47 - train_pointnetpp_part_segmentation - INFO - eval mIoU of Rocket          0.161250
2026-04-06-15:47 - train_pointnetpp_part_segmentation - INFO - eval mIoU of Skateboard      0.146358
2026-04-06-15:47 - train_pointnetpp_part_segmentation - INFO - eval mIoU of Table           0.792036
2026-04-06-15:47 - train_pointnetpp_part_segmentation - INFO - Epoch 8 test Accuracy: 0.791064  Class avg mIOU: 0.456846   Instance avg mIOU: 0.718680
2026-04-06-15:47 - train_pointnetpp_part_segmentation - INFO - Validation loss is: 0.67188
2026-04-06-15:47 - train_pointnetpp_part_segmentation - INFO - Saved best checkpoint to checkpoints/pointnetpp-part-segmentation-with-multiscale-2026-04-06-14-49.pt
2026-04-06-15:47 - train_pointnetpp_part_segmentation - INFO - Best accuracy is: 0.79106
2026-04-06-15:47 - train_pointnetpp_part_segmentation - INFO - Best class avg mIOU is: 0.45737
2026-04-06-15:47 - train_pointnetpp_part_segmentation - INFO - Best instance avg mIOU is: 0.71868
2026-04-06-15:50 - train_pointnetpp_part_segmentation - INFO - Epoch 9 (9/30):
2026-04-06-15:50 - train_pointnetpp_part_segmentation - INFO - Train loss is: 0.71252
2026-04-06-15:50 - train_pointnetpp_part_segmentation - INFO - Train accuracy is: 0.78149
2026-04-06-15:50 - train_pointnetpp_part_segmentation - INFO - eval mIoU of Airplane        0.599747
2026-04-06-15:50 - train_pointnetpp_part_segmentation - INFO - eval mIoU of Bag             0.275360
2026-04-06-15:50 - train_pointnetpp_part_segmentation - INFO - eval mIoU of Cap             0.000000
2026-04-06-15:50 - train_pointnetpp_part_segmentation - INFO - eval mIoU of Car             0.483312
2026-04-06-15:50 - train_pointnetpp_part_segmentation - INFO - eval mIoU of Chair           0.808759
2026-04-06-15:50 - train_pointnetpp_part_segmentation - INFO - eval mIoU of Earphone        0.346956
2026-04-06-15:50 - train_pointnetpp_part_segmentation - INFO - eval mIoU of Guitar          0.832458
2026-04-06-15:50 - train_pointnetpp_part_segmentation - INFO - eval mIoU of Knife           0.701520
2026-04-06-15:50 - train_pointnetpp_part_segmentation - INFO - eval mIoU of Lamp            0.569436
2026-04-06-15:50 - train_pointnetpp_part_segmentation - INFO - eval mIoU of Laptop          0.747412
2026-04-06-15:50 - train_pointnetpp_part_segmentation - INFO - eval mIoU of Motorbike       0.200838
2026-04-06-15:50 - train_pointnetpp_part_segmentation - INFO - eval mIoU of Mug             0.491293
2026-04-06-15:50 - train_pointnetpp_part_segmentation - INFO - eval mIoU of Pistol          0.517351
2026-04-06-15:50 - train_pointnetpp_part_segmentation - INFO - eval mIoU of Rocket          0.155117
2026-04-06-15:50 - train_pointnetpp_part_segmentation - INFO - eval mIoU of Skateboard      0.201131
2026-04-06-15:50 - train_pointnetpp_part_segmentation - INFO - eval mIoU of Table           0.790456
2026-04-06-15:50 - train_pointnetpp_part_segmentation - INFO - Epoch 9 test Accuracy: 0.795575  Class avg mIOU: 0.482572   Instance avg mIOU: 0.695001
2026-04-06-15:50 - train_pointnetpp_part_segmentation - INFO - Validation loss is: 0.66141
2026-04-06-15:50 - train_pointnetpp_part_segmentation - INFO - Saved best checkpoint to checkpoints/pointnetpp-part-segmentation-with-multiscale-2026-04-06-14-49.pt
2026-04-06-15:50 - train_pointnetpp_part_segmentation - INFO - Best accuracy is: 0.79557
2026-04-06-15:50 - train_pointnetpp_part_segmentation - INFO - Best class avg mIOU is: 0.48257
2026-04-06-15:50 - train_pointnetpp_part_segmentation - INFO - Best instance avg mIOU is: 0.71868
2026-04-06-15:54 - train_pointnetpp_part_segmentation - INFO - Epoch 10 (10/30):
2026-04-06-15:54 - train_pointnetpp_part_segmentation - INFO - Train loss is: 0.67785
2026-04-06-15:54 - train_pointnetpp_part_segmentation - INFO - Train accuracy is: 0.79116
2026-04-06-15:54 - train_pointnetpp_part_segmentation - INFO - eval mIoU of Airplane        0.752821
2026-04-06-15:54 - train_pointnetpp_part_segmentation - INFO - eval mIoU of Bag             0.157195
2026-04-06-15:54 - train_pointnetpp_part_segmentation - INFO - eval mIoU of Cap             0.000286
2026-04-06-15:54 - train_pointnetpp_part_segmentation - INFO - eval mIoU of Car             0.555833
2026-04-06-15:54 - train_pointnetpp_part_segmentation - INFO - eval mIoU of Chair           0.793305
2026-04-06-15:54 - train_pointnetpp_part_segmentation - INFO - eval mIoU of Earphone        0.268943
2026-04-06-15:54 - train_pointnetpp_part_segmentation - INFO - eval mIoU of Guitar          0.804634
2026-04-06-15:54 - train_pointnetpp_part_segmentation - INFO - eval mIoU of Knife           0.659027
2026-04-06-15:54 - train_pointnetpp_part_segmentation - INFO - eval mIoU of Lamp            0.630327
2026-04-06-15:54 - train_pointnetpp_part_segmentation - INFO - eval mIoU of Laptop          0.830672
2026-04-06-15:54 - train_pointnetpp_part_segmentation - INFO - eval mIoU of Motorbike       0.218357
2026-04-06-15:54 - train_pointnetpp_part_segmentation - INFO - eval mIoU of Mug             0.311861
2026-04-06-15:54 - train_pointnetpp_part_segmentation - INFO - eval mIoU of Pistol          0.462227
2026-04-06-15:54 - train_pointnetpp_part_segmentation - INFO - eval mIoU of Rocket          0.247745
2026-04-06-15:54 - train_pointnetpp_part_segmentation - INFO - eval mIoU of Skateboard      0.382566
2026-04-06-15:54 - train_pointnetpp_part_segmentation - INFO - eval mIoU of Table           0.795799
2026-04-06-15:54 - train_pointnetpp_part_segmentation - INFO - Epoch 10 test Accuracy: 0.825297  Class avg mIOU: 0.491975   Instance avg mIOU: 0.732136
2026-04-06-15:54 - train_pointnetpp_part_segmentation - INFO - Validation loss is: 0.56865
2026-04-06-15:54 - train_pointnetpp_part_segmentation - INFO - Saved best checkpoint to checkpoints/pointnetpp-part-segmentation-with-multiscale-2026-04-06-14-49.pt
2026-04-06-15:54 - train_pointnetpp_part_segmentation - INFO - Best accuracy is: 0.82530
2026-04-06-15:54 - train_pointnetpp_part_segmentation - INFO - Best class avg mIOU is: 0.49197
2026-04-06-15:54 - train_pointnetpp_part_segmentation - INFO - Best instance avg mIOU is: 0.73214
2026-04-06-15:57 - train_pointnetpp_part_segmentation - INFO - Epoch 11 (11/30):
2026-04-06-15:57 - train_pointnetpp_part_segmentation - INFO - Train loss is: 0.63350
2026-04-06-15:57 - train_pointnetpp_part_segmentation - INFO - Train accuracy is: 0.80472
2026-04-06-15:57 - train_pointnetpp_part_segmentation - INFO - eval mIoU of Airplane        0.737613
2026-04-06-15:57 - train_pointnetpp_part_segmentation - INFO - eval mIoU of Bag             0.211564
2026-04-06-15:57 - train_pointnetpp_part_segmentation - INFO - eval mIoU of Cap             0.018731
2026-04-06-15:57 - train_pointnetpp_part_segmentation - INFO - eval mIoU of Car             0.558052
2026-04-06-15:57 - train_pointnetpp_part_segmentation - INFO - eval mIoU of Chair           0.779951
2026-04-06-15:57 - train_pointnetpp_part_segmentation - INFO - eval mIoU of Earphone        0.339716
2026-04-06-15:57 - train_pointnetpp_part_segmentation - INFO - eval mIoU of Guitar          0.803319
2026-04-06-15:57 - train_pointnetpp_part_segmentation - INFO - eval mIoU of Knife           0.620028
2026-04-06-15:57 - train_pointnetpp_part_segmentation - INFO - eval mIoU of Lamp            0.655096
2026-04-06-15:57 - train_pointnetpp_part_segmentation - INFO - eval mIoU of Laptop          0.750693
2026-04-06-15:57 - train_pointnetpp_part_segmentation - INFO - eval mIoU of Motorbike       0.213091
2026-04-06-15:57 - train_pointnetpp_part_segmentation - INFO - eval mIoU of Mug             0.565508
2026-04-06-15:57 - train_pointnetpp_part_segmentation - INFO - eval mIoU of Pistol          0.539686
2026-04-06-15:57 - train_pointnetpp_part_segmentation - INFO - eval mIoU of Rocket          0.204411
2026-04-06-15:57 - train_pointnetpp_part_segmentation - INFO - eval mIoU of Skateboard      0.410804
2026-04-06-15:57 - train_pointnetpp_part_segmentation - INFO - eval mIoU of Table           0.794153
2026-04-06-15:57 - train_pointnetpp_part_segmentation - INFO - Epoch 11 test Accuracy: 0.825883  Class avg mIOU: 0.512651   Instance avg mIOU: 0.728824
2026-04-06-15:57 - train_pointnetpp_part_segmentation - INFO - Validation loss is: 0.56441
2026-04-06-15:57 - train_pointnetpp_part_segmentation - INFO - Saved best checkpoint to checkpoints/pointnetpp-part-segmentation-with-multiscale-2026-04-06-14-49.pt
2026-04-06-15:57 - train_pointnetpp_part_segmentation - INFO - Best accuracy is: 0.82588
2026-04-06-15:57 - train_pointnetpp_part_segmentation - INFO - Best class avg mIOU is: 0.51265
2026-04-06-15:57 - train_pointnetpp_part_segmentation - INFO - Best instance avg mIOU is: 0.73214
2026-04-06-16:01 - train_pointnetpp_part_segmentation - INFO - Epoch 12 (12/30):
2026-04-06-16:01 - train_pointnetpp_part_segmentation - INFO - Train loss is: 0.60751
2026-04-06-16:01 - train_pointnetpp_part_segmentation - INFO - Train accuracy is: 0.81247
2026-04-06-16:01 - train_pointnetpp_part_segmentation - INFO - eval mIoU of Airplane        0.756455
2026-04-06-16:01 - train_pointnetpp_part_segmentation - INFO - eval mIoU of Bag             0.449734
2026-04-06-16:01 - train_pointnetpp_part_segmentation - INFO - eval mIoU of Cap             0.002269
2026-04-06-16:01 - train_pointnetpp_part_segmentation - INFO - eval mIoU of Car             0.579062
2026-04-06-16:01 - train_pointnetpp_part_segmentation - INFO - eval mIoU of Chair           0.760656
2026-04-06-16:01 - train_pointnetpp_part_segmentation - INFO - eval mIoU of Earphone        0.265021
2026-04-06-16:01 - train_pointnetpp_part_segmentation - INFO - eval mIoU of Guitar          0.845636
2026-04-06-16:01 - train_pointnetpp_part_segmentation - INFO - eval mIoU of Knife           0.652993
2026-04-06-16:01 - train_pointnetpp_part_segmentation - INFO - eval mIoU of Lamp            0.651350
2026-04-06-16:01 - train_pointnetpp_part_segmentation - INFO - eval mIoU of Laptop          0.893823
2026-04-06-16:01 - train_pointnetpp_part_segmentation - INFO - eval mIoU of Motorbike       0.221797
2026-04-06-16:01 - train_pointnetpp_part_segmentation - INFO - eval mIoU of Mug             0.662064
2026-04-06-16:01 - train_pointnetpp_part_segmentation - INFO - eval mIoU of Pistol          0.539587
2026-04-06-16:01 - train_pointnetpp_part_segmentation - INFO - eval mIoU of Rocket          0.125000
2026-04-06-16:01 - train_pointnetpp_part_segmentation - INFO - eval mIoU of Skateboard      0.418639
2026-04-06-16:01 - train_pointnetpp_part_segmentation - INFO - eval mIoU of Table           0.813126
2026-04-06-16:01 - train_pointnetpp_part_segmentation - INFO - Epoch 12 test Accuracy: 0.837626  Class avg mIOU: 0.539826   Instance avg mIOU: 0.742421
2026-04-06-16:01 - train_pointnetpp_part_segmentation - INFO - Validation loss is: 0.52807
2026-04-06-16:01 - train_pointnetpp_part_segmentation - INFO - Saved best checkpoint to checkpoints/pointnetpp-part-segmentation-with-multiscale-2026-04-06-14-49.pt
2026-04-06-16:01 - train_pointnetpp_part_segmentation - INFO - Best accuracy is: 0.83763
2026-04-06-16:01 - train_pointnetpp_part_segmentation - INFO - Best class avg mIOU is: 0.53983
2026-04-06-16:01 - train_pointnetpp_part_segmentation - INFO - Best instance avg mIOU is: 0.74242
2026-04-06-16:04 - train_pointnetpp_part_segmentation - INFO - Epoch 13 (13/30):
2026-04-06-16:04 - train_pointnetpp_part_segmentation - INFO - Train loss is: 0.58154
2026-04-06-16:04 - train_pointnetpp_part_segmentation - INFO - Train accuracy is: 0.81899
2026-04-06-16:04 - train_pointnetpp_part_segmentation - INFO - eval mIoU of Airplane        0.771585
2026-04-06-16:04 - train_pointnetpp_part_segmentation - INFO - eval mIoU of Bag             0.244565
2026-04-06-16:04 - train_pointnetpp_part_segmentation - INFO - eval mIoU of Cap             0.073028
2026-04-06-16:04 - train_pointnetpp_part_segmentation - INFO - eval mIoU of Car             0.593101
2026-04-06-16:04 - train_pointnetpp_part_segmentation - INFO - eval mIoU of Chair           0.827310
2026-04-06-16:04 - train_pointnetpp_part_segmentation - INFO - eval mIoU of Earphone        0.299480
2026-04-06-16:04 - train_pointnetpp_part_segmentation - INFO - eval mIoU of Guitar          0.852932
2026-04-06-16:04 - train_pointnetpp_part_segmentation - INFO - eval mIoU of Knife           0.689825
2026-04-06-16:04 - train_pointnetpp_part_segmentation - INFO - eval mIoU of Lamp            0.660075
2026-04-06-16:04 - train_pointnetpp_part_segmentation - INFO - eval mIoU of Laptop          0.825539
2026-04-06-16:04 - train_pointnetpp_part_segmentation - INFO - eval mIoU of Motorbike       0.222150
2026-04-06-16:04 - train_pointnetpp_part_segmentation - INFO - eval mIoU of Mug             0.621030
2026-04-06-16:04 - train_pointnetpp_part_segmentation - INFO - eval mIoU of Pistol          0.591753
2026-04-06-16:04 - train_pointnetpp_part_segmentation - INFO - eval mIoU of Rocket          0.220993
2026-04-06-16:04 - train_pointnetpp_part_segmentation - INFO - eval mIoU of Skateboard      0.398286
2026-04-06-16:04 - train_pointnetpp_part_segmentation - INFO - eval mIoU of Table           0.796041
2026-04-06-16:04 - train_pointnetpp_part_segmentation - INFO - Epoch 13 test Accuracy: 0.842458  Class avg mIOU: 0.542981   Instance avg mIOU: 0.755150
2026-04-06-16:04 - train_pointnetpp_part_segmentation - INFO - Validation loss is: 0.51043
2026-04-06-16:04 - train_pointnetpp_part_segmentation - INFO - Saved best checkpoint to checkpoints/pointnetpp-part-segmentation-with-multiscale-2026-04-06-14-49.pt
2026-04-06-16:04 - train_pointnetpp_part_segmentation - INFO - Best accuracy is: 0.84246
2026-04-06-16:04 - train_pointnetpp_part_segmentation - INFO - Best class avg mIOU is: 0.54298
2026-04-06-16:04 - train_pointnetpp_part_segmentation - INFO - Best instance avg mIOU is: 0.75515
2026-04-06-16:08 - train_pointnetpp_part_segmentation - INFO - Epoch 14 (14/30):
2026-04-06-16:08 - train_pointnetpp_part_segmentation - INFO - Train loss is: 0.55088
2026-04-06-16:08 - train_pointnetpp_part_segmentation - INFO - Train accuracy is: 0.82871
2026-04-06-16:08 - train_pointnetpp_part_segmentation - INFO - eval mIoU of Airplane        0.778537
2026-04-06-16:08 - train_pointnetpp_part_segmentation - INFO - eval mIoU of Bag             0.376909
2026-04-06-16:08 - train_pointnetpp_part_segmentation - INFO - eval mIoU of Cap             0.005793
2026-04-06-16:08 - train_pointnetpp_part_segmentation - INFO - eval mIoU of Car             0.592826
2026-04-06-16:08 - train_pointnetpp_part_segmentation - INFO - eval mIoU of Chair           0.784072
2026-04-06-16:08 - train_pointnetpp_part_segmentation - INFO - eval mIoU of Earphone        0.337336
2026-04-06-16:08 - train_pointnetpp_part_segmentation - INFO - eval mIoU of Guitar          0.862331
2026-04-06-16:08 - train_pointnetpp_part_segmentation - INFO - eval mIoU of Knife           0.662555
2026-04-06-16:08 - train_pointnetpp_part_segmentation - INFO - eval mIoU of Lamp            0.665501
2026-04-06-16:08 - train_pointnetpp_part_segmentation - INFO - eval mIoU of Laptop          0.905165
2026-04-06-16:08 - train_pointnetpp_part_segmentation - INFO - eval mIoU of Motorbike       0.239392
2026-04-06-16:08 - train_pointnetpp_part_segmentation - INFO - eval mIoU of Mug             0.657383
2026-04-06-16:08 - train_pointnetpp_part_segmentation - INFO - eval mIoU of Pistol          0.530833
2026-04-06-16:08 - train_pointnetpp_part_segmentation - INFO - eval mIoU of Rocket          0.164267
2026-04-06-16:08 - train_pointnetpp_part_segmentation - INFO - eval mIoU of Skateboard      0.319215
2026-04-06-16:08 - train_pointnetpp_part_segmentation - INFO - eval mIoU of Table           0.802866
2026-04-06-16:08 - train_pointnetpp_part_segmentation - INFO - Epoch 14 test Accuracy: 0.848066  Class avg mIOU: 0.542811   Instance avg mIOU: 0.750956
2026-04-06-16:08 - train_pointnetpp_part_segmentation - INFO - Validation loss is: 0.50008
2026-04-06-16:08 - train_pointnetpp_part_segmentation - INFO - Saved best checkpoint to checkpoints/pointnetpp-part-segmentation-with-multiscale-2026-04-06-14-49.pt
2026-04-06-16:08 - train_pointnetpp_part_segmentation - INFO - Best accuracy is: 0.84807
2026-04-06-16:08 - train_pointnetpp_part_segmentation - INFO - Best class avg mIOU is: 0.54298
2026-04-06-16:08 - train_pointnetpp_part_segmentation - INFO - Best instance avg mIOU is: 0.75515
2026-04-06-16:11 - train_pointnetpp_part_segmentation - INFO - Epoch 15 (15/30):
2026-04-06-16:11 - train_pointnetpp_part_segmentation - INFO - Train loss is: 0.54276
2026-04-06-16:11 - train_pointnetpp_part_segmentation - INFO - Train accuracy is: 0.83030
2026-04-06-16:11 - train_pointnetpp_part_segmentation - INFO - eval mIoU of Airplane        0.759433
2026-04-06-16:11 - train_pointnetpp_part_segmentation - INFO - eval mIoU of Bag             0.423390
2026-04-06-16:11 - train_pointnetpp_part_segmentation - INFO - eval mIoU of Cap             0.137524
2026-04-06-16:11 - train_pointnetpp_part_segmentation - INFO - eval mIoU of Car             0.558643
2026-04-06-16:11 - train_pointnetpp_part_segmentation - INFO - eval mIoU of Chair           0.728619
2026-04-06-16:11 - train_pointnetpp_part_segmentation - INFO - eval mIoU of Earphone        0.317282
2026-04-06-16:11 - train_pointnetpp_part_segmentation - INFO - eval mIoU of Guitar          0.857156
2026-04-06-16:11 - train_pointnetpp_part_segmentation - INFO - eval mIoU of Knife           0.665094
2026-04-06-16:11 - train_pointnetpp_part_segmentation - INFO - eval mIoU of Lamp            0.675264
2026-04-06-16:11 - train_pointnetpp_part_segmentation - INFO - eval mIoU of Laptop          0.934238
2026-04-06-16:11 - train_pointnetpp_part_segmentation - INFO - eval mIoU of Motorbike       0.262742
2026-04-06-16:11 - train_pointnetpp_part_segmentation - INFO - eval mIoU of Mug             0.674712
2026-04-06-16:11 - train_pointnetpp_part_segmentation - INFO - eval mIoU of Pistol          0.558559
2026-04-06-16:11 - train_pointnetpp_part_segmentation - INFO - eval mIoU of Rocket          0.226583
2026-04-06-16:11 - train_pointnetpp_part_segmentation - INFO - eval mIoU of Skateboard      0.433112
2026-04-06-16:11 - train_pointnetpp_part_segmentation - INFO - eval mIoU of Table           0.804956
2026-04-06-16:11 - train_pointnetpp_part_segmentation - INFO - Epoch 15 test Accuracy: 0.832454  Class avg mIOU: 0.563582   Instance avg mIOU: 0.738242
2026-04-06-16:11 - train_pointnetpp_part_segmentation - INFO - Validation loss is: 0.52883
2026-04-06-16:11 - train_pointnetpp_part_segmentation - INFO - Best accuracy is: 0.84807
2026-04-06-16:11 - train_pointnetpp_part_segmentation - INFO - Best class avg mIOU is: 0.56358
2026-04-06-16:11 - train_pointnetpp_part_segmentation - INFO - Best instance avg mIOU is: 0.75515
2026-04-06-16:15 - train_pointnetpp_part_segmentation - INFO - Epoch 16 (16/30):
2026-04-06-16:15 - train_pointnetpp_part_segmentation - INFO - Train loss is: 0.52275
2026-04-06-16:15 - train_pointnetpp_part_segmentation - INFO - Train accuracy is: 0.83662
2026-04-06-16:15 - train_pointnetpp_part_segmentation - INFO - eval mIoU of Airplane        0.774012
2026-04-06-16:15 - train_pointnetpp_part_segmentation - INFO - eval mIoU of Bag             0.476416
2026-04-06-16:15 - train_pointnetpp_part_segmentation - INFO - eval mIoU of Cap             0.038775
2026-04-06-16:15 - train_pointnetpp_part_segmentation - INFO - eval mIoU of Car             0.562740
2026-04-06-16:15 - train_pointnetpp_part_segmentation - INFO - eval mIoU of Chair           0.774820
2026-04-06-16:15 - train_pointnetpp_part_segmentation - INFO - eval mIoU of Earphone        0.343149
2026-04-06-16:15 - train_pointnetpp_part_segmentation - INFO - eval mIoU of Guitar          0.858697
2026-04-06-16:15 - train_pointnetpp_part_segmentation - INFO - eval mIoU of Knife           0.669297
2026-04-06-16:15 - train_pointnetpp_part_segmentation - INFO - eval mIoU of Lamp            0.675384
2026-04-06-16:15 - train_pointnetpp_part_segmentation - INFO - eval mIoU of Laptop          0.875067
2026-04-06-16:15 - train_pointnetpp_part_segmentation - INFO - eval mIoU of Motorbike       0.249479
2026-04-06-16:15 - train_pointnetpp_part_segmentation - INFO - eval mIoU of Mug             0.680292
2026-04-06-16:15 - train_pointnetpp_part_segmentation - INFO - eval mIoU of Pistol          0.538370
2026-04-06-16:15 - train_pointnetpp_part_segmentation - INFO - eval mIoU of Rocket          0.201498
2026-04-06-16:15 - train_pointnetpp_part_segmentation - INFO - eval mIoU of Skateboard      0.421180
2026-04-06-16:15 - train_pointnetpp_part_segmentation - INFO - eval mIoU of Table           0.817788
2026-04-06-16:15 - train_pointnetpp_part_segmentation - INFO - Epoch 16 test Accuracy: 0.854266  Class avg mIOU: 0.559810   Instance avg mIOU: 0.753429
2026-04-06-16:15 - train_pointnetpp_part_segmentation - INFO - Validation loss is: 0.47237
2026-04-06-16:15 - train_pointnetpp_part_segmentation - INFO - Saved best checkpoint to checkpoints/pointnetpp-part-segmentation-with-multiscale-2026-04-06-14-49.pt
2026-04-06-16:15 - train_pointnetpp_part_segmentation - INFO - Best accuracy is: 0.85427
2026-04-06-16:15 - train_pointnetpp_part_segmentation - INFO - Best class avg mIOU is: 0.56358
2026-04-06-16:15 - train_pointnetpp_part_segmentation - INFO - Best instance avg mIOU is: 0.75515
2026-04-06-16:18 - train_pointnetpp_part_segmentation - INFO - Epoch 17 (17/30):
2026-04-06-16:18 - train_pointnetpp_part_segmentation - INFO - Train loss is: 0.50807
2026-04-06-16:18 - train_pointnetpp_part_segmentation - INFO - Train accuracy is: 0.83978
2026-04-06-16:18 - train_pointnetpp_part_segmentation - INFO - eval mIoU of Airplane        0.786110
2026-04-06-16:18 - train_pointnetpp_part_segmentation - INFO - eval mIoU of Bag             0.473750
2026-04-06-16:18 - train_pointnetpp_part_segmentation - INFO - eval mIoU of Cap             0.105112
2026-04-06-16:18 - train_pointnetpp_part_segmentation - INFO - eval mIoU of Car             0.656926
2026-04-06-16:18 - train_pointnetpp_part_segmentation - INFO - eval mIoU of Chair           0.838270
2026-04-06-16:18 - train_pointnetpp_part_segmentation - INFO - eval mIoU of Earphone        0.405528
2026-04-06-16:18 - train_pointnetpp_part_segmentation - INFO - eval mIoU of Guitar          0.865162
2026-04-06-16:18 - train_pointnetpp_part_segmentation - INFO - eval mIoU of Knife           0.699950
2026-04-06-16:18 - train_pointnetpp_part_segmentation - INFO - eval mIoU of Lamp            0.682825
2026-04-06-16:18 - train_pointnetpp_part_segmentation - INFO - eval mIoU of Laptop          0.837501
2026-04-06-16:18 - train_pointnetpp_part_segmentation - INFO - eval mIoU of Motorbike       0.273416
2026-04-06-16:18 - train_pointnetpp_part_segmentation - INFO - eval mIoU of Mug             0.773757
2026-04-06-16:18 - train_pointnetpp_part_segmentation - INFO - eval mIoU of Pistol          0.541409
2026-04-06-16:18 - train_pointnetpp_part_segmentation - INFO - eval mIoU of Rocket          0.110685
2026-04-06-16:18 - train_pointnetpp_part_segmentation - INFO - eval mIoU of Skateboard      0.460231
2026-04-06-16:18 - train_pointnetpp_part_segmentation - INFO - eval mIoU of Table           0.800135
2026-04-06-16:18 - train_pointnetpp_part_segmentation - INFO - Epoch 17 test Accuracy: 0.861788  Class avg mIOU: 0.581923   Instance avg mIOU: 0.769924
2026-04-06-16:18 - train_pointnetpp_part_segmentation - INFO - Validation loss is: 0.44153
2026-04-06-16:18 - train_pointnetpp_part_segmentation - INFO - Saved best checkpoint to checkpoints/pointnetpp-part-segmentation-with-multiscale-2026-04-06-14-49.pt
2026-04-06-16:18 - train_pointnetpp_part_segmentation - INFO - Best accuracy is: 0.86179
2026-04-06-16:18 - train_pointnetpp_part_segmentation - INFO - Best class avg mIOU is: 0.58192
2026-04-06-16:18 - train_pointnetpp_part_segmentation - INFO - Best instance avg mIOU is: 0.76992
2026-04-06-16:22 - train_pointnetpp_part_segmentation - INFO - Epoch 18 (18/30):
2026-04-06-16:22 - train_pointnetpp_part_segmentation - INFO - Train loss is: 0.49303
2026-04-06-16:22 - train_pointnetpp_part_segmentation - INFO - Train accuracy is: 0.84425
2026-04-06-16:22 - train_pointnetpp_part_segmentation - INFO - eval mIoU of Airplane        0.792383
2026-04-06-16:22 - train_pointnetpp_part_segmentation - INFO - eval mIoU of Bag             0.490995
2026-04-06-16:22 - train_pointnetpp_part_segmentation - INFO - eval mIoU of Cap             0.157624
2026-04-06-16:22 - train_pointnetpp_part_segmentation - INFO - eval mIoU of Car             0.658207
2026-04-06-16:22 - train_pointnetpp_part_segmentation - INFO - eval mIoU of Chair           0.818104
2026-04-06-16:22 - train_pointnetpp_part_segmentation - INFO - eval mIoU of Earphone        0.290753
2026-04-06-16:22 - train_pointnetpp_part_segmentation - INFO - eval mIoU of Guitar          0.859411
2026-04-06-16:22 - train_pointnetpp_part_segmentation - INFO - eval mIoU of Knife           0.680757
2026-04-06-16:22 - train_pointnetpp_part_segmentation - INFO - eval mIoU of Lamp            0.687309
2026-04-06-16:22 - train_pointnetpp_part_segmentation - INFO - eval mIoU of Laptop          0.930843
2026-04-06-16:22 - train_pointnetpp_part_segmentation - INFO - eval mIoU of Motorbike       0.228064
2026-04-06-16:22 - train_pointnetpp_part_segmentation - INFO - eval mIoU of Mug             0.615700
2026-04-06-16:22 - train_pointnetpp_part_segmentation - INFO - eval mIoU of Pistol          0.649440
2026-04-06-16:22 - train_pointnetpp_part_segmentation - INFO - eval mIoU of Rocket          0.155656
2026-04-06-16:22 - train_pointnetpp_part_segmentation - INFO - eval mIoU of Skateboard      0.505765
2026-04-06-16:22 - train_pointnetpp_part_segmentation - INFO - eval mIoU of Table           0.792400
2026-04-06-16:22 - train_pointnetpp_part_segmentation - INFO - Epoch 18 test Accuracy: 0.861092  Class avg mIOU: 0.582088   Instance avg mIOU: 0.766682
2026-04-06-16:22 - train_pointnetpp_part_segmentation - INFO - Validation loss is: 0.45405
2026-04-06-16:22 - train_pointnetpp_part_segmentation - INFO - Best accuracy is: 0.86179
2026-04-06-16:22 - train_pointnetpp_part_segmentation - INFO - Best class avg mIOU is: 0.58209
2026-04-06-16:22 - train_pointnetpp_part_segmentation - INFO - Best instance avg mIOU is: 0.76992
2026-04-06-16:25 - train_pointnetpp_part_segmentation - INFO - Epoch 19 (19/30):
2026-04-06-16:25 - train_pointnetpp_part_segmentation - INFO - Train loss is: 0.48873
2026-04-06-16:25 - train_pointnetpp_part_segmentation - INFO - Train accuracy is: 0.84583
2026-04-06-16:25 - train_pointnetpp_part_segmentation - INFO - eval mIoU of Airplane        0.795633
2026-04-06-16:25 - train_pointnetpp_part_segmentation - INFO - eval mIoU of Bag             0.534544
2026-04-06-16:25 - train_pointnetpp_part_segmentation - INFO - eval mIoU of Cap             0.193005
2026-04-06-16:25 - train_pointnetpp_part_segmentation - INFO - eval mIoU of Car             0.666034
2026-04-06-16:25 - train_pointnetpp_part_segmentation - INFO - eval mIoU of Chair           0.827967
2026-04-06-16:25 - train_pointnetpp_part_segmentation - INFO - eval mIoU of Earphone        0.293217
2026-04-06-16:25 - train_pointnetpp_part_segmentation - INFO - eval mIoU of Guitar          0.854454
2026-04-06-16:25 - train_pointnetpp_part_segmentation - INFO - eval mIoU of Knife           0.714001
2026-04-06-16:25 - train_pointnetpp_part_segmentation - INFO - eval mIoU of Lamp            0.689924
2026-04-06-16:25 - train_pointnetpp_part_segmentation - INFO - eval mIoU of Laptop          0.913532
2026-04-06-16:25 - train_pointnetpp_part_segmentation - INFO - eval mIoU of Motorbike       0.226993
2026-04-06-16:25 - train_pointnetpp_part_segmentation - INFO - eval mIoU of Mug             0.742403
2026-04-06-16:25 - train_pointnetpp_part_segmentation - INFO - eval mIoU of Pistol          0.681674
2026-04-06-16:25 - train_pointnetpp_part_segmentation - INFO - eval mIoU of Rocket          0.207998
2026-04-06-16:25 - train_pointnetpp_part_segmentation - INFO - eval mIoU of Skateboard      0.479765
2026-04-06-16:25 - train_pointnetpp_part_segmentation - INFO - eval mIoU of Table           0.825514
2026-04-06-16:25 - train_pointnetpp_part_segmentation - INFO - Epoch 19 test Accuracy: 0.868588  Class avg mIOU: 0.602916   Instance avg mIOU: 0.782300
2026-04-06-16:25 - train_pointnetpp_part_segmentation - INFO - Validation loss is: 0.42072
2026-04-06-16:25 - train_pointnetpp_part_segmentation - INFO - Saved best checkpoint to checkpoints/pointnetpp-part-segmentation-with-multiscale-2026-04-06-14-49.pt
2026-04-06-16:25 - train_pointnetpp_part_segmentation - INFO - Best accuracy is: 0.86859
2026-04-06-16:25 - train_pointnetpp_part_segmentation - INFO - Best class avg mIOU is: 0.60292
2026-04-06-16:25 - train_pointnetpp_part_segmentation - INFO - Best instance avg mIOU is: 0.78230
2026-04-06-16:29 - train_pointnetpp_part_segmentation - INFO - Epoch 20 (20/30):
2026-04-06-16:29 - train_pointnetpp_part_segmentation - INFO - Train loss is: 0.47418
2026-04-06-16:29 - train_pointnetpp_part_segmentation - INFO - Train accuracy is: 0.84966
2026-04-06-16:29 - train_pointnetpp_part_segmentation - INFO - eval mIoU of Airplane        0.787114
2026-04-06-16:29 - train_pointnetpp_part_segmentation - INFO - eval mIoU of Bag             0.527723
2026-04-06-16:29 - train_pointnetpp_part_segmentation - INFO - eval mIoU of Cap             0.105552
2026-04-06-16:29 - train_pointnetpp_part_segmentation - INFO - eval mIoU of Car             0.619670
2026-04-06-16:29 - train_pointnetpp_part_segmentation - INFO - eval mIoU of Chair           0.846493
2026-04-06-16:29 - train_pointnetpp_part_segmentation - INFO - eval mIoU of Earphone        0.451027
2026-04-06-16:29 - train_pointnetpp_part_segmentation - INFO - eval mIoU of Guitar          0.876257
2026-04-06-16:29 - train_pointnetpp_part_segmentation - INFO - eval mIoU of Knife           0.709552
2026-04-06-16:29 - train_pointnetpp_part_segmentation - INFO - eval mIoU of Lamp            0.691658
2026-04-06-16:29 - train_pointnetpp_part_segmentation - INFO - eval mIoU of Laptop          0.923090
2026-04-06-16:29 - train_pointnetpp_part_segmentation - INFO - eval mIoU of Motorbike       0.289292
2026-04-06-16:29 - train_pointnetpp_part_segmentation - INFO - eval mIoU of Mug             0.813031
2026-04-06-16:29 - train_pointnetpp_part_segmentation - INFO - eval mIoU of Pistol          0.680482
2026-04-06-16:29 - train_pointnetpp_part_segmentation - INFO - eval mIoU of Rocket          0.229263
2026-04-06-16:29 - train_pointnetpp_part_segmentation - INFO - eval mIoU of Skateboard      0.450682
2026-04-06-16:29 - train_pointnetpp_part_segmentation - INFO - eval mIoU of Table           0.808665
2026-04-06-16:29 - train_pointnetpp_part_segmentation - INFO - Epoch 20 test Accuracy: 0.868948  Class avg mIOU: 0.613097   Instance avg mIOU: 0.779872
2026-04-06-16:29 - train_pointnetpp_part_segmentation - INFO - Validation loss is: 0.42497
2026-04-06-16:29 - train_pointnetpp_part_segmentation - INFO - Saved best checkpoint to checkpoints/pointnetpp-part-segmentation-with-multiscale-2026-04-06-14-49.pt
2026-04-06-16:29 - train_pointnetpp_part_segmentation - INFO - Best accuracy is: 0.86895
2026-04-06-16:29 - train_pointnetpp_part_segmentation - INFO - Best class avg mIOU is: 0.61310
2026-04-06-16:29 - train_pointnetpp_part_segmentation - INFO - Best instance avg mIOU is: 0.78230
2026-04-06-16:32 - train_pointnetpp_part_segmentation - INFO - Epoch 21 (21/30):
2026-04-06-16:32 - train_pointnetpp_part_segmentation - INFO - Train loss is: 0.46849
2026-04-06-16:32 - train_pointnetpp_part_segmentation - INFO - Train accuracy is: 0.85118
2026-04-06-16:32 - train_pointnetpp_part_segmentation - INFO - eval mIoU of Airplane        0.808579
2026-04-06-16:32 - train_pointnetpp_part_segmentation - INFO - eval mIoU of Bag             0.231009
2026-04-06-16:32 - train_pointnetpp_part_segmentation - INFO - eval mIoU of Cap             0.215132
2026-04-06-16:32 - train_pointnetpp_part_segmentation - INFO - eval mIoU of Car             0.640216
2026-04-06-16:32 - train_pointnetpp_part_segmentation - INFO - eval mIoU of Chair           0.821411
2026-04-06-16:32 - train_pointnetpp_part_segmentation - INFO - eval mIoU of Earphone        0.430059
2026-04-06-16:32 - train_pointnetpp_part_segmentation - INFO - eval mIoU of Guitar          0.868081
2026-04-06-16:32 - train_pointnetpp_part_segmentation - INFO - eval mIoU of Knife           0.661542
2026-04-06-16:32 - train_pointnetpp_part_segmentation - INFO - eval mIoU of Lamp            0.691099
2026-04-06-16:32 - train_pointnetpp_part_segmentation - INFO - eval mIoU of Laptop          0.943016
2026-04-06-16:32 - train_pointnetpp_part_segmentation - INFO - eval mIoU of Motorbike       0.301261
2026-04-06-16:32 - train_pointnetpp_part_segmentation - INFO - eval mIoU of Mug             0.757938
2026-04-06-16:32 - train_pointnetpp_part_segmentation - INFO - eval mIoU of Pistol          0.565963
2026-04-06-16:32 - train_pointnetpp_part_segmentation - INFO - eval mIoU of Rocket          0.264532
2026-04-06-16:32 - train_pointnetpp_part_segmentation - INFO - eval mIoU of Skateboard      0.497371
2026-04-06-16:32 - train_pointnetpp_part_segmentation - INFO - eval mIoU of Table           0.820751
2026-04-06-16:32 - train_pointnetpp_part_segmentation - INFO - Epoch 21 test Accuracy: 0.869216  Class avg mIOU: 0.594873   Instance avg mIOU: 0.780265
2026-04-06-16:32 - train_pointnetpp_part_segmentation - INFO - Validation loss is: 0.42431
2026-04-06-16:32 - train_pointnetpp_part_segmentation - INFO - Saved best checkpoint to checkpoints/pointnetpp-part-segmentation-with-multiscale-2026-04-06-14-49.pt
2026-04-06-16:32 - train_pointnetpp_part_segmentation - INFO - Best accuracy is: 0.86922
2026-04-06-16:32 - train_pointnetpp_part_segmentation - INFO - Best class avg mIOU is: 0.61310
2026-04-06-16:32 - train_pointnetpp_part_segmentation - INFO - Best instance avg mIOU is: 0.78230
2026-04-06-16:36 - train_pointnetpp_part_segmentation - INFO - Epoch 22 (22/30):
2026-04-06-16:36 - train_pointnetpp_part_segmentation - INFO - Train loss is: 0.46162
2026-04-06-16:36 - train_pointnetpp_part_segmentation - INFO - Train accuracy is: 0.85310
2026-04-06-16:36 - train_pointnetpp_part_segmentation - INFO - eval mIoU of Airplane        0.801421
2026-04-06-16:36 - train_pointnetpp_part_segmentation - INFO - eval mIoU of Bag             0.558899
2026-04-06-16:36 - train_pointnetpp_part_segmentation - INFO - eval mIoU of Cap             0.150940
2026-04-06-16:36 - train_pointnetpp_part_segmentation - INFO - eval mIoU of Car             0.679894
2026-04-06-16:36 - train_pointnetpp_part_segmentation - INFO - eval mIoU of Chair           0.853674
2026-04-06-16:36 - train_pointnetpp_part_segmentation - INFO - eval mIoU of Earphone        0.376954
2026-04-06-16:36 - train_pointnetpp_part_segmentation - INFO - eval mIoU of Guitar          0.779414
2026-04-06-16:36 - train_pointnetpp_part_segmentation - INFO - eval mIoU of Knife           0.733711
2026-04-06-16:36 - train_pointnetpp_part_segmentation - INFO - eval mIoU of Lamp            0.707575
2026-04-06-16:36 - train_pointnetpp_part_segmentation - INFO - eval mIoU of Laptop          0.925177
2026-04-06-16:36 - train_pointnetpp_part_segmentation - INFO - eval mIoU of Motorbike       0.241344
2026-04-06-16:36 - train_pointnetpp_part_segmentation - INFO - eval mIoU of Mug             0.848420
2026-04-06-16:36 - train_pointnetpp_part_segmentation - INFO - eval mIoU of Pistol          0.662632
2026-04-06-16:36 - train_pointnetpp_part_segmentation - INFO - eval mIoU of Rocket          0.254234
2026-04-06-16:36 - train_pointnetpp_part_segmentation - INFO - eval mIoU of Skateboard      0.430266
2026-04-06-16:36 - train_pointnetpp_part_segmentation - INFO - eval mIoU of Table           0.780079
2026-04-06-16:36 - train_pointnetpp_part_segmentation - INFO - Epoch 22 test Accuracy: 0.864089  Class avg mIOU: 0.611540   Instance avg mIOU: 0.774993
2026-04-06-16:36 - train_pointnetpp_part_segmentation - INFO - Validation loss is: 0.43112
2026-04-06-16:36 - train_pointnetpp_part_segmentation - INFO - Best accuracy is: 0.86922
2026-04-06-16:36 - train_pointnetpp_part_segmentation - INFO - Best class avg mIOU is: 0.61310
2026-04-06-16:36 - train_pointnetpp_part_segmentation - INFO - Best instance avg mIOU is: 0.78230
2026-04-06-16:39 - train_pointnetpp_part_segmentation - INFO - Epoch 23 (23/30):
2026-04-06-16:39 - train_pointnetpp_part_segmentation - INFO - Train loss is: 0.45234
2026-04-06-16:39 - train_pointnetpp_part_segmentation - INFO - Train accuracy is: 0.85652
2026-04-06-16:39 - train_pointnetpp_part_segmentation - INFO - eval mIoU of Airplane        0.796701
2026-04-06-16:39 - train_pointnetpp_part_segmentation - INFO - eval mIoU of Bag             0.552547
2026-04-06-16:39 - train_pointnetpp_part_segmentation - INFO - eval mIoU of Cap             0.261921
2026-04-06-16:39 - train_pointnetpp_part_segmentation - INFO - eval mIoU of Car             0.655190
2026-04-06-16:39 - train_pointnetpp_part_segmentation - INFO - eval mIoU of Chair           0.849171
2026-04-06-16:39 - train_pointnetpp_part_segmentation - INFO - eval mIoU of Earphone        0.401613
2026-04-06-16:39 - train_pointnetpp_part_segmentation - INFO - eval mIoU of Guitar          0.851186
2026-04-06-16:39 - train_pointnetpp_part_segmentation - INFO - eval mIoU of Knife           0.750548
2026-04-06-16:39 - train_pointnetpp_part_segmentation - INFO - eval mIoU of Lamp            0.711711
2026-04-06-16:39 - train_pointnetpp_part_segmentation - INFO - eval mIoU of Laptop          0.908166
2026-04-06-16:39 - train_pointnetpp_part_segmentation - INFO - eval mIoU of Motorbike       0.234271
2026-04-06-16:39 - train_pointnetpp_part_segmentation - INFO - eval mIoU of Mug             0.710998
2026-04-06-16:39 - train_pointnetpp_part_segmentation - INFO - eval mIoU of Pistol          0.627576
2026-04-06-16:39 - train_pointnetpp_part_segmentation - INFO - eval mIoU of Rocket          0.298934
2026-04-06-16:39 - train_pointnetpp_part_segmentation - INFO - eval mIoU of Skateboard      0.471289
2026-04-06-16:39 - train_pointnetpp_part_segmentation - INFO - eval mIoU of Table           0.813421
2026-04-06-16:39 - train_pointnetpp_part_segmentation - INFO - Epoch 23 test Accuracy: 0.869278  Class avg mIOU: 0.618453   Instance avg mIOU: 0.784724
2026-04-06-16:39 - train_pointnetpp_part_segmentation - INFO - Validation loss is: 0.41694
2026-04-06-16:39 - train_pointnetpp_part_segmentation - INFO - Saved best checkpoint to checkpoints/pointnetpp-part-segmentation-with-multiscale-2026-04-06-14-49.pt
2026-04-06-16:39 - train_pointnetpp_part_segmentation - INFO - Best accuracy is: 0.86928
2026-04-06-16:39 - train_pointnetpp_part_segmentation - INFO - Best class avg mIOU is: 0.61845
2026-04-06-16:39 - train_pointnetpp_part_segmentation - INFO - Best instance avg mIOU is: 0.78472
2026-04-06-16:43 - train_pointnetpp_part_segmentation - INFO - Epoch 24 (24/30):
2026-04-06-16:43 - train_pointnetpp_part_segmentation - INFO - Train loss is: 0.44293
2026-04-06-16:43 - train_pointnetpp_part_segmentation - INFO - Train accuracy is: 0.85911
2026-04-06-16:43 - train_pointnetpp_part_segmentation - INFO - eval mIoU of Airplane        0.794726
2026-04-06-16:43 - train_pointnetpp_part_segmentation - INFO - eval mIoU of Bag             0.577304
2026-04-06-16:43 - train_pointnetpp_part_segmentation - INFO - eval mIoU of Cap             0.248146
2026-04-06-16:43 - train_pointnetpp_part_segmentation - INFO - eval mIoU of Car             0.658760
2026-04-06-16:43 - train_pointnetpp_part_segmentation - INFO - eval mIoU of Chair           0.846327
2026-04-06-16:43 - train_pointnetpp_part_segmentation - INFO - eval mIoU of Earphone        0.480313
2026-04-06-16:43 - train_pointnetpp_part_segmentation - INFO - eval mIoU of Guitar          0.817921
2026-04-06-16:43 - train_pointnetpp_part_segmentation - INFO - eval mIoU of Knife           0.736042
2026-04-06-16:43 - train_pointnetpp_part_segmentation - INFO - eval mIoU of Lamp            0.713311
2026-04-06-16:43 - train_pointnetpp_part_segmentation - INFO - eval mIoU of Laptop          0.939694
2026-04-06-16:43 - train_pointnetpp_part_segmentation - INFO - eval mIoU of Motorbike       0.246987
2026-04-06-16:43 - train_pointnetpp_part_segmentation - INFO - eval mIoU of Mug             0.833438
2026-04-06-16:43 - train_pointnetpp_part_segmentation - INFO - eval mIoU of Pistol          0.636312
2026-04-06-16:43 - train_pointnetpp_part_segmentation - INFO - eval mIoU of Rocket          0.331210
2026-04-06-16:43 - train_pointnetpp_part_segmentation - INFO - eval mIoU of Skateboard      0.495331
2026-04-06-16:43 - train_pointnetpp_part_segmentation - INFO - eval mIoU of Table           0.799288
2026-04-06-16:43 - train_pointnetpp_part_segmentation - INFO - Epoch 24 test Accuracy: 0.872634  Class avg mIOU: 0.634694   Instance avg mIOU: 0.780642
2026-04-06-16:43 - train_pointnetpp_part_segmentation - INFO - Validation loss is: 0.40757
2026-04-06-16:43 - train_pointnetpp_part_segmentation - INFO - Saved best checkpoint to checkpoints/pointnetpp-part-segmentation-with-multiscale-2026-04-06-14-49.pt
2026-04-06-16:43 - train_pointnetpp_part_segmentation - INFO - Best accuracy is: 0.87263
2026-04-06-16:43 - train_pointnetpp_part_segmentation - INFO - Best class avg mIOU is: 0.63469
2026-04-06-16:43 - train_pointnetpp_part_segmentation - INFO - Best instance avg mIOU is: 0.78472
2026-04-06-16:46 - train_pointnetpp_part_segmentation - INFO - Epoch 25 (25/30):
2026-04-06-16:46 - train_pointnetpp_part_segmentation - INFO - Train loss is: 0.43702
2026-04-06-16:46 - train_pointnetpp_part_segmentation - INFO - Train accuracy is: 0.86056
2026-04-06-16:46 - train_pointnetpp_part_segmentation - INFO - eval mIoU of Airplane        0.770578
2026-04-06-16:46 - train_pointnetpp_part_segmentation - INFO - eval mIoU of Bag             0.510042
2026-04-06-16:46 - train_pointnetpp_part_segmentation - INFO - eval mIoU of Cap             0.122769
2026-04-06-16:46 - train_pointnetpp_part_segmentation - INFO - eval mIoU of Car             0.551770
2026-04-06-16:46 - train_pointnetpp_part_segmentation - INFO - eval mIoU of Chair           0.850286
2026-04-06-16:46 - train_pointnetpp_part_segmentation - INFO - eval mIoU of Earphone        0.419069
2026-04-06-16:46 - train_pointnetpp_part_segmentation - INFO - eval mIoU of Guitar          0.866220
2026-04-06-16:46 - train_pointnetpp_part_segmentation - INFO - eval mIoU of Knife           0.700535
2026-04-06-16:46 - train_pointnetpp_part_segmentation - INFO - eval mIoU of Lamp            0.709213
2026-04-06-16:46 - train_pointnetpp_part_segmentation - INFO - eval mIoU of Laptop          0.914871
2026-04-06-16:46 - train_pointnetpp_part_segmentation - INFO - eval mIoU of Motorbike       0.209056
2026-04-06-16:46 - train_pointnetpp_part_segmentation - INFO - eval mIoU of Mug             0.697815
2026-04-06-16:46 - train_pointnetpp_part_segmentation - INFO - eval mIoU of Pistol          0.721006
2026-04-06-16:46 - train_pointnetpp_part_segmentation - INFO - eval mIoU of Rocket          0.245608
2026-04-06-16:46 - train_pointnetpp_part_segmentation - INFO - eval mIoU of Skateboard      0.508697
2026-04-06-16:46 - train_pointnetpp_part_segmentation - INFO - eval mIoU of Table           0.779361
2026-04-06-16:46 - train_pointnetpp_part_segmentation - INFO - Epoch 25 test Accuracy: 0.864708  Class avg mIOU: 0.598556   Instance avg mIOU: 0.764576
2026-04-06-16:46 - train_pointnetpp_part_segmentation - INFO - Validation loss is: 0.42789
2026-04-06-16:46 - train_pointnetpp_part_segmentation - INFO - Best accuracy is: 0.87263
2026-04-06-16:46 - train_pointnetpp_part_segmentation - INFO - Best class avg mIOU is: 0.63469
2026-04-06-16:46 - train_pointnetpp_part_segmentation - INFO - Best instance avg mIOU is: 0.78472
2026-04-06-16:50 - train_pointnetpp_part_segmentation - INFO - Epoch 26 (26/30):
2026-04-06-16:50 - train_pointnetpp_part_segmentation - INFO - Train loss is: 0.43324
2026-04-06-16:50 - train_pointnetpp_part_segmentation - INFO - Train accuracy is: 0.86145
2026-04-06-16:50 - train_pointnetpp_part_segmentation - INFO - eval mIoU of Airplane        0.816523
2026-04-06-16:50 - train_pointnetpp_part_segmentation - INFO - eval mIoU of Bag             0.516486
2026-04-06-16:50 - train_pointnetpp_part_segmentation - INFO - eval mIoU of Cap             0.233870
2026-04-06-16:50 - train_pointnetpp_part_segmentation - INFO - eval mIoU of Car             0.652070
2026-04-06-16:50 - train_pointnetpp_part_segmentation - INFO - eval mIoU of Chair           0.843570
2026-04-06-16:50 - train_pointnetpp_part_segmentation - INFO - eval mIoU of Earphone        0.471963
2026-04-06-16:50 - train_pointnetpp_part_segmentation - INFO - eval mIoU of Guitar          0.853126
2026-04-06-16:50 - train_pointnetpp_part_segmentation - INFO - eval mIoU of Knife           0.710795
2026-04-06-16:50 - train_pointnetpp_part_segmentation - INFO - eval mIoU of Lamp            0.685458
2026-04-06-16:50 - train_pointnetpp_part_segmentation - INFO - eval mIoU of Laptop          0.911987
2026-04-06-16:50 - train_pointnetpp_part_segmentation - INFO - eval mIoU of Motorbike       0.280824
2026-04-06-16:50 - train_pointnetpp_part_segmentation - INFO - eval mIoU of Mug             0.810117
2026-04-06-16:50 - train_pointnetpp_part_segmentation - INFO - eval mIoU of Pistol          0.691113
2026-04-06-16:50 - train_pointnetpp_part_segmentation - INFO - eval mIoU of Rocket          0.216660
2026-04-06-16:50 - train_pointnetpp_part_segmentation - INFO - eval mIoU of Skateboard      0.487700
2026-04-06-16:50 - train_pointnetpp_part_segmentation - INFO - eval mIoU of Table           0.808815
2026-04-06-16:50 - train_pointnetpp_part_segmentation - INFO - Epoch 26 test Accuracy: 0.876428  Class avg mIOU: 0.624442   Instance avg mIOU: 0.785809
2026-04-06-16:50 - train_pointnetpp_part_segmentation - INFO - Validation loss is: 0.39698
2026-04-06-16:50 - train_pointnetpp_part_segmentation - INFO - Saved best checkpoint to checkpoints/pointnetpp-part-segmentation-with-multiscale-2026-04-06-14-49.pt
2026-04-06-16:50 - train_pointnetpp_part_segmentation - INFO - Best accuracy is: 0.87643
2026-04-06-16:50 - train_pointnetpp_part_segmentation - INFO - Best class avg mIOU is: 0.63469
2026-04-06-16:50 - train_pointnetpp_part_segmentation - INFO - Best instance avg mIOU is: 0.78581
2026-04-06-16:53 - train_pointnetpp_part_segmentation - INFO - Epoch 27 (27/30):
2026-04-06-16:53 - train_pointnetpp_part_segmentation - INFO - Train loss is: 0.43004
2026-04-06-16:53 - train_pointnetpp_part_segmentation - INFO - Train accuracy is: 0.86270
2026-04-06-16:53 - train_pointnetpp_part_segmentation - INFO - eval mIoU of Airplane        0.804085
2026-04-06-16:53 - train_pointnetpp_part_segmentation - INFO - eval mIoU of Bag             0.572052
2026-04-06-16:53 - train_pointnetpp_part_segmentation - INFO - eval mIoU of Cap             0.151479
2026-04-06-16:53 - train_pointnetpp_part_segmentation - INFO - eval mIoU of Car             0.663656
2026-04-06-16:53 - train_pointnetpp_part_segmentation - INFO - eval mIoU of Chair           0.789318
2026-04-06-16:53 - train_pointnetpp_part_segmentation - INFO - eval mIoU of Earphone        0.440817
2026-04-06-16:53 - train_pointnetpp_part_segmentation - INFO - eval mIoU of Guitar          0.876930
2026-04-06-16:53 - train_pointnetpp_part_segmentation - INFO - eval mIoU of Knife           0.704673
2026-04-06-16:53 - train_pointnetpp_part_segmentation - INFO - eval mIoU of Lamp            0.728215
2026-04-06-16:53 - train_pointnetpp_part_segmentation - INFO - eval mIoU of Laptop          0.840535
2026-04-06-16:53 - train_pointnetpp_part_segmentation - INFO - eval mIoU of Motorbike       0.257207
2026-04-06-16:53 - train_pointnetpp_part_segmentation - INFO - eval mIoU of Mug             0.711333
2026-04-06-16:53 - train_pointnetpp_part_segmentation - INFO - eval mIoU of Pistol          0.639167
2026-04-06-16:53 - train_pointnetpp_part_segmentation - INFO - eval mIoU of Rocket          0.262532
2026-04-06-16:53 - train_pointnetpp_part_segmentation - INFO - eval mIoU of Skateboard      0.383854
2026-04-06-16:53 - train_pointnetpp_part_segmentation - INFO - eval mIoU of Table           0.787498
2026-04-06-16:53 - train_pointnetpp_part_segmentation - INFO - Epoch 27 test Accuracy: 0.866123  Class avg mIOU: 0.600835   Instance avg mIOU: 0.765259
2026-04-06-16:53 - train_pointnetpp_part_segmentation - INFO - Validation loss is: 0.42531
2026-04-06-16:53 - train_pointnetpp_part_segmentation - INFO - Best accuracy is: 0.87643
2026-04-06-16:53 - train_pointnetpp_part_segmentation - INFO - Best class avg mIOU is: 0.63469
2026-04-06-16:53 - train_pointnetpp_part_segmentation - INFO - Best instance avg mIOU is: 0.78581
2026-04-06-16:57 - train_pointnetpp_part_segmentation - INFO - Epoch 28 (28/30):
2026-04-06-16:57 - train_pointnetpp_part_segmentation - INFO - Train loss is: 0.42116
2026-04-06-16:57 - train_pointnetpp_part_segmentation - INFO - Train accuracy is: 0.86476
2026-04-06-16:57 - train_pointnetpp_part_segmentation - INFO - eval mIoU of Airplane        0.815258
2026-04-06-16:57 - train_pointnetpp_part_segmentation - INFO - eval mIoU of Bag             0.544327
2026-04-06-16:57 - train_pointnetpp_part_segmentation - INFO - eval mIoU of Cap             0.266908
2026-04-06-16:57 - train_pointnetpp_part_segmentation - INFO - eval mIoU of Car             0.629973
2026-04-06-16:57 - train_pointnetpp_part_segmentation - INFO - eval mIoU of Chair           0.839048
2026-04-06-16:57 - train_pointnetpp_part_segmentation - INFO - eval mIoU of Earphone        0.490461
2026-04-06-16:57 - train_pointnetpp_part_segmentation - INFO - eval mIoU of Guitar          0.844021
2026-04-06-16:57 - train_pointnetpp_part_segmentation - INFO - eval mIoU of Knife           0.725061
2026-04-06-16:57 - train_pointnetpp_part_segmentation - INFO - eval mIoU of Lamp            0.723724
2026-04-06-16:57 - train_pointnetpp_part_segmentation - INFO - eval mIoU of Laptop          0.907972
2026-04-06-16:57 - train_pointnetpp_part_segmentation - INFO - eval mIoU of Motorbike       0.321096
2026-04-06-16:57 - train_pointnetpp_part_segmentation - INFO - eval mIoU of Mug             0.599064
2026-04-06-16:57 - train_pointnetpp_part_segmentation - INFO - eval mIoU of Pistol          0.708359
2026-04-06-16:57 - train_pointnetpp_part_segmentation - INFO - eval mIoU of Rocket          0.280880
2026-04-06-16:57 - train_pointnetpp_part_segmentation - INFO - eval mIoU of Skateboard      0.479499
2026-04-06-16:57 - train_pointnetpp_part_segmentation - INFO - eval mIoU of Table           0.776267
2026-04-06-16:57 - train_pointnetpp_part_segmentation - INFO - Epoch 28 test Accuracy: 0.872504  Class avg mIOU: 0.621995   Instance avg mIOU: 0.775621
2026-04-06-16:57 - train_pointnetpp_part_segmentation - INFO - Validation loss is: 0.41257
2026-04-06-16:57 - train_pointnetpp_part_segmentation - INFO - Best accuracy is: 0.87643
2026-04-06-16:57 - train_pointnetpp_part_segmentation - INFO - Best class avg mIOU is: 0.63469
2026-04-06-16:57 - train_pointnetpp_part_segmentation - INFO - Best instance avg mIOU is: 0.78581
2026-04-06-17:00 - train_pointnetpp_part_segmentation - INFO - Epoch 29 (29/30):
2026-04-06-17:00 - train_pointnetpp_part_segmentation - INFO - Train loss is: 0.42302
2026-04-06-17:00 - train_pointnetpp_part_segmentation - INFO - Train accuracy is: 0.86445
2026-04-06-17:00 - train_pointnetpp_part_segmentation - INFO - eval mIoU of Airplane        0.813133
2026-04-06-17:00 - train_pointnetpp_part_segmentation - INFO - eval mIoU of Bag             0.378704
2026-04-06-17:00 - train_pointnetpp_part_segmentation - INFO - eval mIoU of Cap             0.309700
2026-04-06-17:00 - train_pointnetpp_part_segmentation - INFO - eval mIoU of Car             0.631761
2026-04-06-17:00 - train_pointnetpp_part_segmentation - INFO - eval mIoU of Chair           0.841729
2026-04-06-17:00 - train_pointnetpp_part_segmentation - INFO - eval mIoU of Earphone        0.418495
2026-04-06-17:00 - train_pointnetpp_part_segmentation - INFO - eval mIoU of Guitar          0.869268
2026-04-06-17:00 - train_pointnetpp_part_segmentation - INFO - eval mIoU of Knife           0.682273
2026-04-06-17:00 - train_pointnetpp_part_segmentation - INFO - eval mIoU of Lamp            0.688128
2026-04-06-17:00 - train_pointnetpp_part_segmentation - INFO - eval mIoU of Laptop          0.945372
2026-04-06-17:00 - train_pointnetpp_part_segmentation - INFO - eval mIoU of Motorbike       0.281090
2026-04-06-17:00 - train_pointnetpp_part_segmentation - INFO - eval mIoU of Mug             0.804835
2026-04-06-17:00 - train_pointnetpp_part_segmentation - INFO - eval mIoU of Pistol          0.696569
2026-04-06-17:00 - train_pointnetpp_part_segmentation - INFO - eval mIoU of Rocket          0.165972
2026-04-06-17:00 - train_pointnetpp_part_segmentation - INFO - eval mIoU of Skateboard      0.514167
2026-04-06-17:00 - train_pointnetpp_part_segmentation - INFO - eval mIoU of Table           0.817751
2026-04-06-17:00 - train_pointnetpp_part_segmentation - INFO - Epoch 29 test Accuracy: 0.874026  Class avg mIOU: 0.616184   Instance avg mIOU: 0.787253
2026-04-06-17:00 - train_pointnetpp_part_segmentation - INFO - Validation loss is: 0.40223
2026-04-06-17:00 - train_pointnetpp_part_segmentation - INFO - Best accuracy is: 0.87643
2026-04-06-17:00 - train_pointnetpp_part_segmentation - INFO - Best class avg mIOU is: 0.63469
2026-04-06-17:00 - train_pointnetpp_part_segmentation - INFO - Best instance avg mIOU is: 0.78725
2026-04-06-17:04 - train_pointnetpp_part_segmentation - INFO - Epoch 30 (30/30):
2026-04-06-17:04 - train_pointnetpp_part_segmentation - INFO - Train loss is: 0.41281
2026-04-06-17:04 - train_pointnetpp_part_segmentation - INFO - Train accuracy is: 0.86668
2026-04-06-17:04 - train_pointnetpp_part_segmentation - INFO - eval mIoU of Airplane        0.803566
2026-04-06-17:04 - train_pointnetpp_part_segmentation - INFO - eval mIoU of Bag             0.484948
2026-04-06-17:04 - train_pointnetpp_part_segmentation - INFO - eval mIoU of Cap             0.254328
2026-04-06-17:04 - train_pointnetpp_part_segmentation - INFO - eval mIoU of Car             0.678391
2026-04-06-17:04 - train_pointnetpp_part_segmentation - INFO - eval mIoU of Chair           0.861306
2026-04-06-17:04 - train_pointnetpp_part_segmentation - INFO - eval mIoU of Earphone        0.422530
2026-04-06-17:04 - train_pointnetpp_part_segmentation - INFO - eval mIoU of Guitar          0.886330
2026-04-06-17:04 - train_pointnetpp_part_segmentation - INFO - eval mIoU of Knife           0.666085
2026-04-06-17:04 - train_pointnetpp_part_segmentation - INFO - eval mIoU of Lamp            0.718403
2026-04-06-17:04 - train_pointnetpp_part_segmentation - INFO - eval mIoU of Laptop          0.929878
2026-04-06-17:04 - train_pointnetpp_part_segmentation - INFO - eval mIoU of Motorbike       0.292615
2026-04-06-17:04 - train_pointnetpp_part_segmentation - INFO - eval mIoU of Mug             0.845901
2026-04-06-17:04 - train_pointnetpp_part_segmentation - INFO - eval mIoU of Pistol          0.619160
2026-04-06-17:04 - train_pointnetpp_part_segmentation - INFO - eval mIoU of Rocket          0.058367
2026-04-06-17:04 - train_pointnetpp_part_segmentation - INFO - eval mIoU of Skateboard      0.509194
2026-04-06-17:04 - train_pointnetpp_part_segmentation - INFO - eval mIoU of Table           0.815258
2026-04-06-17:04 - train_pointnetpp_part_segmentation - INFO - Epoch 30 test Accuracy: 0.880078  Class avg mIOU: 0.615391   Instance avg mIOU: 0.792082
2026-04-06-17:04 - train_pointnetpp_part_segmentation - INFO - Validation loss is: 0.38300
2026-04-06-17:04 - train_pointnetpp_part_segmentation - INFO - Saved best checkpoint to checkpoints/pointnetpp-part-segmentation-with-multiscale-2026-04-06-14-49.pt
2026-04-06-17:04 - train_pointnetpp_part_segmentation - INFO - Best accuracy is: 0.88008
2026-04-06-17:04 - train_pointnetpp_part_segmentation - INFO - Best class avg mIOU is: 0.63469
2026-04-06-17:04 - train_pointnetpp_part_segmentation - INFO - Best instance avg mIOU is: 0.79208
2026-04-06-17:04 - train_pointnetpp_part_segmentation - INFO - Training complete. Best checkpoint saved at: checkpoints/pointnetpp-part-segmentation-with-multiscale-2026-04-06-14-49.pt
2026-04-06-17:04 - train_pointnetpp_part_segmentation - INFO - Saved accuracy plot to graphs/accuracy_vs_epoch_multiscale_2026-04-06-14-49.png
2026-04-06-17:04 - train_pointnetpp_part_segmentation - INFO - Saved mIoU plot to graphs/miou_vs_epoch_multiscale_2026-04-06-14-49.png
